// Jest Snapshot v1, https://goo.gl/fbAQLP

exports[`App component should match component snapshot 1`] = `
<div>
  <div
    className="header__container"
  >
    <h3>
      Number Generator
    </h3>
    <ul
      className="menu__container"
    >
      <li
        className="menu__container__items"
      >
        <a
          aria-current="page"
          href="/"
          onClick={[Function]}
        >
          Home
        </a>
      </li>
      <li
        className="menu__container__items"
      >
        <a
          href="/operations"
          onClick={[Function]}
        >
          Operations
        </a>
      </li>
    </ul>
  </div>
  <div
    className="input__container"
  >
    <input
      className="input__field"
      id="chosenNumber"
      max="500"
      min="1"
      name="chosenNumber"
      onChange={[Function]}
      type="number"
      value={0}
    />
    <button
      className="input__button"
      onClick={[Function]}
      type="button"
    >
      Generate
    </button>
  </div>
  <div
    className="footer__container"
  >
    <p>
      Copyright © 2019. All rights reserved.
    </p>
  </div>
</div>
`;
