// Jest Snapshot v1, https://goo.gl/fbAQLP

exports[`Header component should match component snapshot 1`] = `
<div
  className="header__container"
>
  <h3>
    Number Generator
  </h3>
  <ul
    className="menu__container"
  >
    <li
      className="menu__container__items"
    >
      <a
        aria-current="page"
        href="/"
        onClick={[Function]}
      >
        Home
      </a>
    </li>
  </ul>
</div>
`;
